// Jest Snapshot v1, https://goo.gl/fbAQLP

exports[`Search component should render properly 1`] = `
<div
  className="search"
>
  <i
    className="material-icons"
  >
    search
  </i>
  <input
    onChange={[Function]}
    placeholder="Search for movies..."
    type="text"
  />
</div>
`;
